firebase-admin initialized from service-account.json
ShoePao server running on http://localhost:3000
Inserting Order - param types: {
  id: 'string',
  user_id: 'string',
  status: 'string',
  total: 'number',
  shipping_fee: 'number',
  discount: 'number',
  payment_method: 'string',
  created_at: 'string',
  delivery_address: 'string',
  recipient_name: 'string',
  recipient_phone: 'string',
  courier_name: 'string',
  tracking_number: 'string'
}
Inserting Order - param preview: {
  id: 'SP1769347648573590',
  user_id: 'k5UKh8Ve5JdHSR07Ltv4IU4XMQJ2',
  status: 'confirmed',
  total: '1299',
  shipping_fee: '0',
  discount: '0',
  payment_method: 'cod',
  created_at: '2026-01-25T13:27:35.589Z',
  delivery_address: 'ewan, Muzon Proper, City of San Jose Del Monte, Bulacan, Region III (Central Luzon)',
  recipient_name: 'Jade Destura',
  recipient_phone: '',
  courier_name: 'J&T EXPRESS',
  tracking_number: '790293178186'
}
Inserting Order - param types: {
  id: 'string',
  user_id: 'string',
  status: 'string',
  total: 'number',
  shipping_fee: 'number',
  discount: 'number',
  payment_method: 'string',
  created_at: 'string',
  delivery_address: 'string',
  recipient_name: 'string',
  recipient_phone: 'string',
  courier_name: 'string',
  tracking_number: 'string'
}
Inserting Order - param preview: {
  id: 'SP1769347648573590',
  user_id: 'k5UKh8Ve5JdHSR07Ltv4IU4XMQJ2',
  status: 'confirmed',
  total: '1299',
  shipping_fee: '0',
  discount: '0',
  payment_method: 'cod',
  created_at: '2026-01-25T13:27:35.589Z',
  delivery_address: 'ewan, Muzon Proper, City of San Jose Del Monte, Bulacan, Region III (Central Luzon)',
  recipient_name: 'Jade Destura',
  recipient_phone: '',
  courier_name: 'J&T EXPRESS',
  tracking_number: '790293178186'
}
Inserting Order - param types: {
  id: 'string',
  user_id: 'string',
  status: 'string',
  total: 'number',
  shipping_fee: 'number',
  discount: 'number',
  payment_method: 'string',
  created_at: 'string',
  delivery_address: 'string',
  recipient_name: 'string',
  recipient_phone: 'string',
  courier_name: 'string',
  tracking_number: 'string'
}
Inserting Order - param preview: {
  id: 'SP1769347612602172',
  user_id: 'k5UKh8Ve5JdHSR07Ltv4IU4XMQJ2',
  status: 'Pending',
  total: '1000',
  shipping_fee: '0',
  discount: '0',
  payment_method: 'cod',
  created_at: '2026-01-25T13:26:59.016Z',
  delivery_address: 'ewan, Muzon Proper, City of San Jose Del Monte, Bulacan, Region III (Central Luzon)',
  recipient_name: 'Jade Destura',
  recipient_phone: '',
  courier_name: 'Personal Delivery',
  tracking_number: 'TRKMKU1CQI61YB3'
}
Inserting Order - param types: {
  id: 'string',
  user_id: 'string',
  status: 'string',
  total: 'number',
  shipping_fee: 'number',
  discount: 'number',
  payment_method: 'string',
  created_at: 'string',
  delivery_address: 'string',
  recipient_name: 'string',
  recipient_phone: 'string',
  courier_name: 'string',
  tracking_number: 'string'
}
Inserting Order - param preview: {
  id: 'SP1769363560204286',
  user_id: 'lMSLeKoCkOgT2sPgAAnnBvuHPzE2',
  status: 'Pending payment',
  total: '4013',
  shipping_fee: '515',
  discount: '0',
  payment_method: 'cod',
  created_at: '2026-01-25T17:52:44.762Z',
  delivery_address: 'UP Ayala Land TechnoHub, Commonwealth Avenue, Brgy. UP Campus, Diliman, Quezon City, Metro Manila, P, Bayanihan, Quezon City, National Capital Region (NCR)',
  recipient_name: 'URIEL PAUL DE LEON',
  recipient_phone: '',
  courier_name: 'J&T Express / JRS',
  tracking_number: 'TRKMKU1DS6D9F6'
}
Starting simulation for order SP1769363560204286 route: [
  'Blk 15 Lot 25 Phase 2 MV Villar Avenue Camella Springville Central Molino 3 , Bacoor, Philippines, 4102',
  'Caloocan Local Hub - Loaded Truck',
  'QUEZON CITY Sorting Center',
  'Arrived at QUEZON CITY',
  'UP Ayala Land TechnoHub'
] starting at step index 1
